Running Gradle task 'assembleDebug'...                          
flutter : warning: [options] source value 8 is obsolete and 
will be removed in a future release
At line:1 char:1
+ flutter build apk --debug 2>&1 > build_output.txt ; if 
($LASTEXITCODE ...
+ ~~~~~~~~~~~~~~~~~~~~~~~~~~~~~~~~~~~~~~~~~~~~~~~~~
    + CategoryInfo          : NotSpecified: (warning: [optio... 
    future release:String) [], RemoteException
    + FullyQualifiedErrorId : NativeCommandError
 
warning: [options] target value 8 is obsolete and will be 
removed in a future release
warning: [options] To suppress warnings about obsolete options, 
use -Xlint:-options.
3 warnings
Running Gradle task 'assembleDebug'...                            177.7s
ÔêÜ Built build\app\outputs\flutter-apk\app-debug.apk
